// Jest Snapshot v1, https://goo.gl/fbAQLP

exports[`<Button /> should render default 1`] = `
<div>
  <div
    class="wj-button"
  >
    default
  </div>
</div>
`;
